=== Building project with spago ===
Reading Spago workspace configuration...

✓ Selecting package to build: foreign-object

Downloading dependencies...
Building...
[  1 of 253] Compiling Type.Proxy
[  2 of 253] Compiling Type.Function
[  3 of 253] Compiling Type.Equality
[  4 of 253] Compiling Unsafe.Coerce
[  5 of 253] Compiling Spago.Generated.BuildInfo
[  6 of 253] Compiling Partial
[  7 of 253] Compiling Type.Row
[  9 of 253] Compiling Data.Unit
[  8 of 253] Compiling Data.Void
[ 10 of 253] Compiling Data.Traversable.Accum
[ 11 of 253] Compiling Data.String.Unsafe
[ 12 of 253] Compiling Record.Unsafe
[ 13 of 253] Compiling Data.Int.Bits
[ 14 of 253] Compiling Data.NaturalTransformation
[ 15 of 253] Compiling Data.Boolean
[ 16 of 253] Compiling Control.Semigroupoid
[ 17 of 253] Compiling Type.Data.Boolean
[ 19 of 253] Compiling Control.Lazy
[ 20 of 253] Compiling Data.Symbol
[ 18 of 253] Compiling Data.Function.Uncurried
[ 21 of 253] Compiling Safe.Coerce
[ 22 of 253] Compiling Data.Exists
[ 23 of 253] Compiling Partial.Unsafe
[ 24 of 253] Compiling Control.Category
[ 25 of 253] Compiling Data.Semigroup
[ 27 of 253] Compiling Data.HeytingAlgebra
[ 26 of 253] Compiling Data.Semiring
[ 28 of 253] Compiling Record.Unsafe.Union
[ 29 of 253] Compiling Data.Show
[ 30 of 253] Compiling Data.Ring
[ 31 of 253] Compiling Data.Generic.Rep
[ 32 of 253] Compiling Data.BooleanAlgebra
[ 33 of 253] Compiling Data.Eq
[ 34 of 253] Compiling Data.CommutativeRing
[ 35 of 253] Compiling Data.Ordering
[ 36 of 253] Compiling Data.EuclideanRing
[ 38 of 253] Compiling Type.Data.Ordering
[ 37 of 253] Compiling Data.Ord
[ 39 of 253] Compiling Data.DivisionRing
[ 40 of 253] Compiling Data.Field
[ 41 of 253] Compiling Type.Data.Symbol
[ 42 of 253] Compiling Type.RowList
[ 44 of 253] Compiling Type.Prelude
[ 43 of 253] Compiling Type.Row.Homogeneous
[ 45 of 253] Compiling Data.Reflectable
[ 46 of 253] Compiling Data.Bounded
[ 47 of 253] Compiling Data.Monoid
[ 48 of 253] Compiling Data.Function
[ 49 of 253] Compiling Data.Functor
[ 52 of 253] Compiling Control.Alt
[ 50 of 253] Compiling Control.Extend
[ 51 of 253] Compiling Control.Apply
[ 54 of 253] Compiling Data.Bounded.Generic
[ 53 of 253] Compiling Data.Monoid.Generic
[ 55 of 253] Compiling Control.Plus
[ 56 of 253] Compiling Control.Comonad
[ 57 of 253] Compiling Control.Applicative
[ 59 of 253] Compiling Control.Alternative
[ 58 of 253] Compiling Control.Bind
[ 60 of 253] Compiling Control.Monad
[ 62 of 253] Compiling Prelude
[ 61 of 253] Compiling Control.MonadPlus
[ 63 of 253] Compiling Control.Monad.Cont.Class
[ 65 of 253] Compiling Data.Semigroup.First
[ 66 of 253] Compiling Data.Semigroup.Last
[ 64 of 253] Compiling Record.Builder
[ 67 of 253] Compiling Data.Ring.Generic
[ 68 of 253] Compiling Data.Monoid.Additive
[ 69 of 253] Compiling Data.HeytingAlgebra.Generic
[ 70 of 253] Compiling Data.Semiring.Generic
[ 71 of 253] Compiling Effect
[ 73 of 253] Compiling Data.Show.Generic
[ 72 of 253] Compiling Record
[ 75 of 253] Compiling Data.Monoid.Conj
[ 74 of 253] Compiling Data.Monoid.Disj
[ 76 of 253] Compiling Data.Number.Format
[ 77 of 253] Compiling Data.Semigroup.Generic
[ 78 of 253] Compiling Data.Traversable.Accum.Internal
[ 79 of 253] Compiling Data.Monoid.Dual
[ 81 of 253] Compiling Data.Ord.Generic
[ 82 of 253] Compiling Control.Monad.Gen.Class
[ 80 of 253] Compiling Control.Monad.Reader.Class
[ 84 of 253] Compiling Data.Monoid.Multiplicative
[ 83 of 253] Compiling Data.Eq.Generic
[ 86 of 253] Compiling Control.Monad.Trans.Class
[ 87 of 253] Compiling Effect.Class
[ 85 of 253] Compiling Data.Monoid.Endo
[ 88 of 253] Compiling Effect.Unsafe
[ 89 of 253] Compiling Effect.Uncurried
[ 90 of 253] Compiling Effect.Console
[ 91 of 253] Compiling Effect.Ref
[ 92 of 253] Compiling Test.Assert
[ 93 of 253] Compiling Effect.Class.Console
[ 94 of 253] Compiling Data.Newtype
[ 95 of 253] Compiling Data.Ord.Down
[ 96 of 253] Compiling Data.Ord.Max
[ 97 of 253] Compiling Data.Functor.App
[ 98 of 253] Compiling Data.Profunctor
[ 99 of 253] Compiling Data.Monoid.Alternate
[101 of 253] Compiling Data.String.Pattern
[100 of 253] Compiling Data.Ord.Min
[102 of 253] Compiling Data.String.Common
[103 of 253] Compiling Data.Profunctor.Closed
[104 of 253] Compiling Data.Functor.Invariant
[105 of 253] Compiling Data.Functor.Compose
[107 of 253] Compiling Data.Const
[106 of 253] Compiling Data.Tuple
[108 of 253] Compiling Data.Identity
[109 of 253] Compiling Data.Profunctor.Join
[111 of 253] Compiling Data.Profunctor.Split
[110 of 253] Compiling Data.Maybe
[112 of 253] Compiling Data.Functor.Contravariant
[113 of 253] Compiling Data.Comparison
[115 of 253] Compiling Data.Predicate
[114 of 253] Compiling Data.Op
[116 of 253] Compiling Data.Equivalence
[117 of 253] Compiling Data.Maybe.Last
[118 of 253] Compiling Data.Number
[119 of 253] Compiling Data.Either
[121 of 253] Compiling Data.Maybe.First
[120 of 253] Compiling Data.String.CodeUnits
[123 of 253] Compiling Data.Number.Approximate
[122 of 253] Compiling Data.Int
[124 of 253] Compiling Data.Divide
[126 of 253] Compiling Data.Distributive
[127 of 253] Compiling Control.Monad.State.Class
[128 of 253] Compiling Control.Monad.Writer.Class
[125 of 253] Compiling Data.Tuple.Nested
[129 of 253] Compiling Data.Profunctor.Costrong
[130 of 253] Compiling Data.Profunctor.Strong
[132 of 253] Compiling Effect.Random
[131 of 253] Compiling Performance.Minibench
[133 of 253] Compiling Data.Divisible
[134 of 253] Compiling Random.LCG
[135 of 253] Compiling Data.Decide
[136 of 253] Compiling Data.Bifunctor
[137 of 253] Compiling Data.Profunctor.Cochoice
[141 of 253] Compiling Data.Either.Inject
[140 of 253] Compiling Data.Profunctor.Choice
[138 of 253] Compiling Effect.Exception
[139 of 253] Compiling Data.Either.Nested
[142 of 253] Compiling Effect.Exception.Unsafe
[143 of 253] Compiling Control.Monad.Error.Class
[144 of 253] Compiling Data.Profunctor.Star
[145 of 253] Compiling Control.Biapply
[146 of 253] Compiling Data.Functor.Coproduct
[148 of 253] Compiling Data.Functor.Costar
[147 of 253] Compiling Control.Monad.Rec.Class
[149 of 253] Compiling Data.Functor.Product
[150 of 253] Compiling Data.Decidable
[151 of 253] Compiling Control.Biapplicative
[152 of 253] Compiling Data.Functor.Clown
[153 of 253] Compiling Data.Functor.Product2
[154 of 253] Compiling Data.Functor.Flip
[155 of 253] Compiling Data.Functor.Joker
[156 of 253] Compiling Data.Bifunctor.Join
[157 of 253] Compiling Data.Functor.Coproduct.Inject
[158 of 253] Compiling Data.Functor.Coproduct.Nested
[159 of 253] Compiling Data.Functor.Product.Nested
[160 of 253] Compiling Data.Foldable
[161 of 253] Compiling Data.FunctorWithIndex
[162 of 253] Compiling Control.Monad.ST.Internal
[164 of 253] Compiling Control.Monad.ST
[163 of 253] Compiling Control.Monad.ST.Uncurried
[165 of 253] Compiling Control.Monad.ST.Ref
[166 of 253] Compiling Foreign.Object.ST
[167 of 253] Compiling Control.Monad.ST.Global
[168 of 253] Compiling Control.Monad.ST.Class
[169 of 253] Compiling Control.Monad.Except.Trans
[170 of 253] Compiling Control.Monad.State.Trans
[172 of 253] Compiling Control.Monad.RWS.Trans
[171 of 253] Compiling Control.Monad.Cont.Trans
[174 of 253] Compiling Control.Monad.Reader.Trans
[173 of 253] Compiling Control.Monad.Maybe.Trans
[175 of 253] Compiling Control.Monad.Writer.Trans
[176 of 253] Compiling Data.Array.ST
[177 of 253] Compiling Data.Array.ST.Partial
[178 of 253] Compiling Data.Array.ST.Iterator
[179 of 253] Compiling Control.Monad.Cont
[180 of 253] Compiling Control.Monad.Reader
[181 of 253] Compiling Control.Monad.Except
[182 of 253] Compiling Control.Monad.Writer
[183 of 253] Compiling Control.Monad.State
[184 of 253] Compiling Control.Monad.RWS
[185 of 253] Compiling Data.Bifoldable
[186 of 253] Compiling Data.Traversable
[187 of 253] Compiling Data.Semigroup.Foldable
[188 of 253] Compiling Data.FoldableWithIndex
[189 of 253] Compiling Data.Bitraversable
[191 of 253] Compiling Data.Semigroup.Traversable
[190 of 253] Compiling Control.Monad.Identity.Trans
[192 of 253] Compiling Data.Unfoldable1
[193 of 253] Compiling Data.TraversableWithIndex
[194 of 253] Compiling Control.Comonad.Trans.Class
[195 of 253] Compiling Control.Comonad.Store.Trans
[196 of 253] Compiling Control.Comonad.Traced.Trans
[197 of 253] Compiling Data.Unfoldable
[199 of 253] Compiling Control.Monad.Gen
[198 of 253] Compiling Data.Enum
[200 of 253] Compiling Control.Comonad.Env.Trans
[201 of 253] Compiling Data.NonEmpty
[202 of 253] Compiling Data.Array.NonEmpty.Internal
[203 of 253] Compiling Data.Lazy
[204 of 253] Compiling Data.Array
[205 of 253] Compiling Control.Comonad.Store.Class
[207 of 253] Compiling Data.Char
[206 of 253] Compiling Data.Enum.Generic
[208 of 253] Compiling Control.Monad.List.Trans
[209 of 253] Compiling Control.Comonad.Store
[210 of 253] Compiling Data.List.Lazy.Types
[211 of 253] Compiling Data.Char.Gen
[212 of 253] Compiling Data.Enum.Gen
[214 of 253] Compiling Control.Monad.Gen.Common
[213 of 253] Compiling Data.List.Types
[215 of 253] Compiling Control.Comonad.Env.Class
[216 of 253] Compiling Data.String.Gen
[217 of 253] Compiling Control.Comonad.Env
[218 of 253] Compiling Control.Comonad.Traced.Class
[219 of 253] Compiling Control.Comonad.Traced
[220 of 253] Compiling Data.String.CodePoints
[222 of 253] Compiling Data.Array.Partial
[223 of 253] Compiling Foreign.Object
[221 of 253] Compiling Data.Array.NonEmpty
[224 of 253] Compiling Data.List.Internal
[225 of 253] Compiling Data.String
[226 of 253] Compiling Data.String.NonEmpty.Internal
[227 of 253] Compiling Data.String.CaseInsensitive
[228 of 253] Compiling Data.String.Regex.Flags
[229 of 253] Compiling Data.List
[230 of 253] Compiling Data.List.Lazy
[231 of 253] Compiling Foreign.Object.Unsafe
[232 of 253] Compiling Foreign.Object.ST.Unsafe
[233 of 253] Compiling Data.String.NonEmpty.CodeUnits
[235 of 253] Compiling Data.String.Regex
[234 of 253] Compiling Data.String.NonEmpty.CodePoints
[236 of 253] Compiling Data.String.Regex.Unsafe
[237 of 253] Compiling Data.String.NonEmpty
[238 of 253] Compiling Data.String.NonEmpty.CaseInsensitive
[240 of 253] Compiling Data.List.ZipList
[239 of 253] Compiling Data.List.Lazy.NonEmpty
[241 of 253] Compiling Foreign.Object.Gen
[242 of 253] Compiling Test.QuickCheck.Gen
[244 of 253] Compiling Data.List.Partial
[243 of 253] Compiling Data.List.NonEmpty
[245 of 253] Compiling Data.Map.Internal
[246 of 253] Compiling Data.Set
[247 of 253] Compiling Test.QuickCheck.Arbitrary
[249 of 253] Compiling Data.Map
[248 of 253] Compiling Data.Set.NonEmpty
[250 of 253] Compiling Data.Map.Gen
[251 of 253] Compiling Test.QuickCheck
[252 of 253] Compiling Test.Foreign.Object
[253 of 253] Compiling Test.Main
           Src   Lib   All
Warnings     0     0     0
Errors       0     0     0

✓ Build succeeded.

=== Generating Go code with gopurs ===
=== Compiling and running Go test binary ===
Running StrMap tests
Test inserting into empty tree
100/100 test(s) passed.
Test inserting two values with same key
100/100 test(s) passed.
Test delete after inserting
100/100 test(s) passed.
Test pop after inserting
100/100 test(s) passed.
Pop non-existent key
100/100 test(s) passed.
Insert two, lookup first
100/100 test(s) passed.
Insert two, lookup second
100/100 test(s) passed.
Insert two, delete one
100/100 test(s) passed.
Lookup from empty
100/100 test(s) passed.
Lookup from singleton
100/100 test(s) passed.
Random lookup
1000/1000 test(s) passed.
Singleton to list
100/100 test(s) passed.
filterWithKey gives submap
100/100 test(s) passed.
filterWithKey keeps those keys for which predicate is true
100/100 test(s) passed.
filterKeys gives submap
100/100 test(s) passed.
filterKeys keeps those keys for which predicate is true
100/100 test(s) passed.
filter gives submap
100/100 test(s) passed.
filter keeps those values for which predicate is true
100/100 test(s) passed.
fromFoldable [] = empty
100/100 test(s) passed.
fromFoldable & key collision
100/100 test(s) passed.
100/100 test(s) passed.
100/100 test(s) passed.
fromFoldableWithIndex
100/100 test(s) passed.
100/100 test(s) passed.
100/100 test(s) passed.
fromFoldableWith const [] = empty
100/100 test(s) passed.
fromFoldableWith (+) & key collision
100/100 test(s) passed.
100/100 test(s) passed.
100/100 test(s) passed.
toUnfoldable . fromFoldable = id
31/100 test(s) passed.
panic: Test 2 (seed 1022496387) failed: 
	((Tuple "詰" -982569) : (Tuple "캠睂ﲎ英垿勊ᆼ抧䅿" -293933) : (Tuple "浾霴" -146206) : Nil)

goroutine 1 [running]:
gopurs/output/Effect%2eException.ThrowException(...)
	/Users/0x1/Documents/htdocs/gopurs-foreign-object/output/Effect.Exception/Effect_Exception_ffi.go:17
gopurs/output/Effect%2eException.init.func9({0xd, 0x0, 0x722294cfe600}, {0x1004e19c8?, 0x72229414ea00?, 0x722294d00510?})
	/Users/0x1/Documents/htdocs/gopurs-foreign-object/output/Effect.Exception/Effect_Exception_ffi.go:105 +0x58
gopurs/output/gopurs_runtime.Apply.func1({0x72229536bb08?, 0x1004e246c?, 0x722294cfe650?})
	/Users/0x1/Documents/htdocs/gopurs-foreign-object/output/gopurs_runtime/runtime.go:448 +0x44
gopurs/output/gopurs_runtime.Apply({0x72229536bb58, 0x0, 0x0}, {0x100797200?, 0x72229536bba8?, 0x722294cfe650?})
	/Users/0x1/Documents/htdocs/gopurs-foreign-object/output/gopurs_runtime/runtime.go:445 +0x60
gopurs/output/Effect.init.func1.1({0x0?, 0x0?})
	/Users/0x1/Documents/htdocs/gopurs-foreign-object/output/Effect/Effect_ffi.go:55 +0x64
gopurs/output/Effect.BindE(0x20?, 0x72229536bbf8, {0x18?, 0x1?})
	/Users/0x1/Documents/htdocs/gopurs-foreign-object/output/Effect/Effect_ffi.go:10 +0x30
gopurs/output/Effect.init.func1({0x10?, 0x1007838c0?, 0x722294d00540?}, {0x0?, 0x72229536bce8?, 0x722294d02100?}, {0x1008d9bd0?, 0x20?, 0x722294cfe640?})
	/Users/0x1/Documents/htdocs/gopurs-foreign-object/output/Effect/Effect_ffi.go:64 +0x68
gopurs/output/gopurs_runtime.Apply2.func1({0x20?, 0x10078aac0?, 0x722294cfe640?})
	/Users/0x1/Documents/htdocs/gopurs-foreign-object/output/gopurs_runtime/runtime.go:487 +0x4c
gopurs/output/gopurs_runtime.Apply({0x72229536bd58, 0x0, 0x0}, {0x10079d800?, 0x722294cfb0b0?, 0x722294cfe640?})
	/Users/0x1/Documents/htdocs/gopurs-foreign-object/output/gopurs_runtime/runtime.go:445 +0x60
gopurs/output/Effect.init.func1.2.1({0x0?, 0x0?})
	/Users/0x1/Documents/htdocs/gopurs-foreign-object/output/Effect/Effect_ffi.go:60 +0x64
gopurs/output/Effect.BindE(0x0?, 0x72229536bdc8, {0x9?, 0x722294d00510?})
	/Users/0x1/Documents/htdocs/gopurs-foreign-object/output/Effect/Effect_ffi.go:11 +0x50
gopurs/output/Effect.init.func1({0x10?, 0x1007838c0?, 0x722294d00570?}, {0x1004e246c?, 0x72229536beb8?, 0x722294cfcfc0?}, {0x72229536be78?, 0x1?, 0x722294cfe620?})
	/Users/0x1/Documents/htdocs/gopurs-foreign-object/output/Effect/Effect_ffi.go:64 +0x68
gopurs/output/gopurs_runtime.Apply2.func1({0x722296342300?, 0x722294460730?, 0x722294cfe620?})
	/Users/0x1/Documents/htdocs/gopurs-foreign-object/output/gopurs_runtime/runtime.go:487 +0x4c
gopurs/output/gopurs_runtime.Apply({0x9, 0x0, 0x0}, {0x722296342300?, 0x72229536bf38?, 0x722294cfe620?})
	/Users/0x1/Documents/htdocs/gopurs-foreign-object/output/gopurs_runtime/runtime.go:445 +0x60
gopurs/output/Effect.init.func1.1({0x0?, 0x0?})
	/Users/0x1/Documents/htdocs/gopurs-foreign-object/output/Effect/Effect_ffi.go:55 +0x64
gopurs/output/Effect.BindE(0x10077dee0?, 0x72229536bf98, {0x10077dee0?, 0x1007aa098?})
	/Users/0x1/Documents/htdocs/gopurs-foreign-object/output/Effect/Effect_ffi.go:10 +0x30
gopurs/output/Effect.init.func1({0x10?, 0x1007838c0?, 0x722294cfd000?}, {0x100bfe220?, 0x72229536c088?, 0x722294cfd080?}, {0x1008d9bd0?, 0x20?, 0x722294cfe610?})
	/Users/0x1/Documents/htdocs/gopurs-foreign-object/output/Effect/Effect_ffi.go:64 +0x68
gopurs/output/gopurs_runtime.Apply2.func1({0x20?, 0x10078aac0?, 0x722294cfe610?})
	/Users/0x1/Documents/htdocs/gopurs-foreign-object/output/gopurs_runtime/runtime.go:487 +0x4c
gopurs/output/gopurs_runtime.Apply({0x72229536c0f8, 0x0, 0x0}, {0x10079d800?, 0x722294cfb080?, 0x722294cfe610?})
	/Users/0x1/Documents/htdocs/gopurs-foreign-object/output/gopurs_runtime/runtime.go:445 +0x60
gopurs/output/Effect.init.func1.2.1({0x0?, 0x0?})
	/Users/0x1/Documents/htdocs/gopurs-foreign-object/output/Effect/Effect_ffi.go:60 +0x64
gopurs/output/Effect.BindE(0x1?, 0x72229536c168, {0x0?, 0x3?})
	/Users/0x1/Documents/htdocs/gopurs-foreign-object/output/Effect/Effect_ffi.go:11 +0x50
gopurs/output/Effect.init.func1({0x10?, 0x1007838c0?, 0x722294d004e0?}, {0x10058f430?, 0x72229536c258?, 0x722294d02040?}, {0x1008d9bd0?, 0x20?, 0x722294cfe4a0?})
	/Users/0x1/Documents/htdocs/gopurs-foreign-object/output/Effect/Effect_ffi.go:64 +0x68
gopurs/output/gopurs_runtime.Apply2.func1({0x20?, 0x10078aac0?, 0x722294cfe4a0?})
	/Users/0x1/Documents/htdocs/gopurs-foreign-object/output/gopurs_runtime/runtime.go:487 +0x4c
gopurs/output/gopurs_runtime.Apply({0x72229536c2c8, 0x0, 0x0}, {0x10079d800?, 0x722296316318?, 0x722294cfe4a0?})
	/Users/0x1/Documents/htdocs/gopurs-foreign-object/output/gopurs_runtime/runtime.go:445 +0x60
gopurs/output/Effect.init.func1.2.1({0x0?, 0x0?})
	/Users/0x1/Documents/htdocs/gopurs-foreign-object/output/Effect/Effect_ffi.go:60 +0x64
gopurs/output/Effect.BindE(0x72229631b780?, 0x72229536c338, {0x72229536c3c8?, 0x1005eef68?})
	/Users/0x1/Documents/htdocs/gopurs-foreign-object/output/Effect/Effect_ffi.go:11 +0x50
gopurs/output/Effect.init.func1({0x10?, 0x1007838c0?, 0x72229411d100?}, {0x0?, 0x72229536c428?, 0x72229631b780?}, {0x60029be60?, 0x100b8ad60?, 0x7222962fe6f0?})
	/Users/0x1/Documents/htdocs/gopurs-foreign-object/output/Effect/Effect_ffi.go:64 +0x68
gopurs/output/gopurs_runtime.Apply2.func1({0x72229536c418?, 0x1004e246c?, 0x7222962fe6f0?})
	/Users/0x1/Documents/htdocs/gopurs-foreign-object/output/gopurs_runtime/runtime.go:487 +0x4c
gopurs/output/gopurs_runtime.Apply({0x72229629be01, 0x0, 0x0}, {0x100610c74?, 0x1007a9fb8?, 0x7222962fe6f0?})
	/Users/0x1/Documents/htdocs/gopurs-foreign-object/output/gopurs_runtime/runtime.go:445 +0x60
gopurs/output/Effect.init.func1.1({0x0?, 0x0?})
	/Users/0x1/Documents/htdocs/gopurs-foreign-object/output/Effect/Effect_ffi.go:55 +0x64
gopurs/output/Effect.BindE(0x72229536c5b8?, 0x72229536c508, {0x10077dee0?, 0x7222962fe6c0?})
	/Users/0x1/Documents/htdocs/gopurs-foreign-object/output/Effect/Effect_ffi.go:10 +0x30
gopurs/output/Effect.init.func1({0x10?, 0x1007838c0?, 0x72229631b7c0?}, {0x0?, 0x72229536c5f8?, 0x1007a96b8?}, {0x1008d89e0?, 0x20?, 0x7222962fe6e0?})
	/Users/0x1/Documents/htdocs/gopurs-foreign-object/output/Effect/Effect_ffi.go:64 +0x68
gopurs/output/gopurs_runtime.Apply2.func1({0x20?, 0x10078aac0?, 0x7222962fe6e0?})
	/Users/0x1/Documents/htdocs/gopurs-foreign-object/output/gopurs_runtime/runtime.go:487 +0x4c
gopurs/output/gopurs_runtime.Apply({0x72229536c668, 0x0, 0x0}, {0x10079d800?, 0x7222963161b0?, 0x7222962fe6e0?})
	/Users/0x1/Documents/htdocs/gopurs-foreign-object/output/gopurs_runtime/runtime.go:445 +0x60
gopurs/output/Effect.init.func1.2.1({0x0?, 0x0?})
	/Users/0x1/Documents/htdocs/gopurs-foreign-object/output/Effect/Effect_ffi.go:60 +0x64
gopurs/output/Effect.BindE(0x72229536c601?, 0x72229536c6d8, {0x72229536c6f8?, 0x100610ae4?})
	/Users/0x1/Documents/htdocs/gopurs-foreign-object/output/Effect/Effect_ffi.go:11 +0x50
gopurs/output/Effect.init.func1({0x10?, 0x1007838c0?, 0x72229629bdd0?}, {0x100b7af18?, 0x72229536c7c8?, 0x1007a96a8?}, {0x1008d89e0?, 0x20?, 0x7222962fe6a0?})
	/Users/0x1/Documents/htdocs/gopurs-foreign-object/output/Effect/Effect_ffi.go:64 +0x68
gopurs/output/gopurs_runtime.Apply2.func1({0x20?, 0x10078aac0?, 0x7222962fe6a0?})
	/Users/0x1/Documents/htdocs/gopurs-foreign-object/output/gopurs_runtime/runtime.go:487 +0x4c
gopurs/output/gopurs_runtime.Apply({0x72229536c838, 0x0, 0x0}, {0x10079d800?, 0x722296316198?, 0x7222962fe6a0?})
	/Users/0x1/Documents/htdocs/gopurs-foreign-object/output/gopurs_runtime/runtime.go:445 +0x60
gopurs/output/Effect.init.func1.2.1({0x0?, 0x0?})
	/Users/0x1/Documents/htdocs/gopurs-foreign-object/output/Effect/Effect_ffi.go:60 +0x64
gopurs/output/Effect.BindE(0x10077dee0?, 0x72229536c8a8, {0x10077dee0?, 0x7222962fb380?})
	/Users/0x1/Documents/htdocs/gopurs-foreign-object/output/Effect/Effect_ffi.go:11 +0x50
gopurs/output/Effect.init.func1({0x10?, 0x1007838c0?, 0x7222962fb380?}, {0x72229628fe50?, 0x72229536c998?, 0x1007a96a0?}, {0x1008d89e0?, 0x20?, 0x7222962fe190?})
	/Users/0x1/Documents/htdocs/gopurs-foreign-object/output/Effect/Effect_ffi.go:64 +0x68
gopurs/output/gopurs_runtime.Apply2.func1({0x20?, 0x10078aac0?, 0x7222962fe190?})
	/Users/0x1/Documents/htdocs/gopurs-foreign-object/output/gopurs_runtime/runtime.go:487 +0x4c
gopurs/output/gopurs_runtime.Apply({0x72229536ca08, 0x0, 0x0}, {0x10079d800?, 0x7222962ad5a8?, 0x7222962fe190?})
	/Users/0x1/Documents/htdocs/gopurs-foreign-object/output/gopurs_runtime/runtime.go:445 +0x60
gopurs/output/Effect.init.func1.2.1({0x0?, 0x0?})
	/Users/0x1/Documents/htdocs/gopurs-foreign-object/output/Effect/Effect_ffi.go:60 +0x64
gopurs/output/Effect.BindE(0x72229536ca01?, 0x72229536ca78, {0x72229536ca98?, 0x100610144?})
	/Users/0x1/Documents/htdocs/gopurs-foreign-object/output/Effect/Effect_ffi.go:11 +0x50
gopurs/output/Effect.init.func1({0x10?, 0x1007838c0?, 0x72229629b980?}, {0x147657290?, 0x72229536cb68?, 0x1007a9698?}, {0x1008d89e0?, 0x20?, 0x72229628fdf0?})
	/Users/0x1/Documents/htdocs/gopurs-foreign-object/output/Effect/Effect_ffi.go:64 +0x68
gopurs/output/gopurs_runtime.Apply2.func1({0x20?, 0x10078aac0?, 0x72229628fdf0?})
	/Users/0x1/Documents/htdocs/gopurs-foreign-object/output/gopurs_runtime/runtime.go:487 +0x4c
gopurs/output/gopurs_runtime.Apply({0x72229536cbd8, 0x0, 0x0}, {0x10079d800?, 0x7222962ad590?, 0x72229628fdf0?})
	/Users/0x1/Documents/htdocs/gopurs-foreign-object/output/gopurs_runtime/runtime.go:445 +0x60
gopurs/output/Effect.init.func1.2.1({0x0?, 0x0?})
	/Users/0x1/Documents/htdocs/gopurs-foreign-object/output/Effect/Effect_ffi.go:60 +0x64
...180 frames elided...
gopurs/output/Effect.BindE(0x10077dee0?, 0x7222940b8d88, {0x10077dee0?, 0x1?})
	/Users/0x1/Documents/htdocs/gopurs-foreign-object/output/Effect/Effect_ffi.go:11 +0x50
gopurs/output/Effect.init.func1({0x10?, 0x1007838c0?, 0x722294a23d80?}, {0x100bdbd48?, 0x7222940b8e78?, 0x1007a9500?}, {0x1008c4108?, 0x20?, 0x722294a01790?})
	/Users/0x1/Documents/htdocs/gopurs-foreign-object/output/Effect/Effect_ffi.go:64 +0x68
gopurs/output/gopurs_runtime.Apply2.func1({0x20?, 0x10078aac0?, 0x722294a01790?})
	/Users/0x1/Documents/htdocs/gopurs-foreign-object/output/gopurs_runtime/runtime.go:487 +0x4c
gopurs/output/gopurs_runtime.Apply({0x7222940b8ee8, 0x0, 0x0}, {0x10079d800?, 0x722294a24750?, 0x722294a01790?})
	/Users/0x1/Documents/htdocs/gopurs-foreign-object/output/gopurs_runtime/runtime.go:445 +0x60
gopurs/output/Effect.init.func1.2.1({0x0?, 0x0?})
	/Users/0x1/Documents/htdocs/gopurs-foreign-object/output/Effect/Effect_ffi.go:60 +0x64
gopurs/output/Effect.BindE(0x7222940b8f01?, 0x7222940b8f58, {0x7222940b8f78?, 0x100608bc4?})
	/Users/0x1/Documents/htdocs/gopurs-foreign-object/output/Effect/Effect_ffi.go:11 +0x50
gopurs/output/Effect.init.func1({0x10?, 0x1007838c0?, 0x722294a05b30?}, {0x100bdbd48?, 0x7222940b9048?, 0x1007a94f0?}, {0x1008c4108?, 0x20?, 0x722294a01750?})
	/Users/0x1/Documents/htdocs/gopurs-foreign-object/output/Effect/Effect_ffi.go:64 +0x68
gopurs/output/gopurs_runtime.Apply2.func1({0x20?, 0x10078aac0?, 0x722294a01750?})
	/Users/0x1/Documents/htdocs/gopurs-foreign-object/output/gopurs_runtime/runtime.go:487 +0x4c
gopurs/output/gopurs_runtime.Apply({0x7222940b90b8, 0x0, 0x0}, {0x10079d800?, 0x722294a24738?, 0x722294a01750?})
	/Users/0x1/Documents/htdocs/gopurs-foreign-object/output/gopurs_runtime/runtime.go:445 +0x60
gopurs/output/Effect.init.func1.2.1({0x0?, 0x0?})
	/Users/0x1/Documents/htdocs/gopurs-foreign-object/output/Effect/Effect_ffi.go:60 +0x64
gopurs/output/Effect.BindE(0x10077dee0?, 0x7222940b9128, {0x10077dee0?, 0x1?})
	/Users/0x1/Documents/htdocs/gopurs-foreign-object/output/Effect/Effect_ffi.go:11 +0x50
gopurs/output/Effect.init.func1({0x10?, 0x1007838c0?, 0x722294738980?}, {0x100b8ba80?, 0x7222940b9218?, 0x1007a94e8?}, {0x1008c4108?, 0x20?, 0x7222947268a0?})
	/Users/0x1/Documents/htdocs/gopurs-foreign-object/output/Effect/Effect_ffi.go:64 +0x68
gopurs/output/gopurs_runtime.Apply2.func1({0x20?, 0x10078aac0?, 0x7222947268a0?})
	/Users/0x1/Documents/htdocs/gopurs-foreign-object/output/gopurs_runtime/runtime.go:487 +0x4c
gopurs/output/gopurs_runtime.Apply({0x7222940b9288, 0x0, 0x0}, {0x10079d800?, 0x7222947369f0?, 0x7222947268a0?})
	/Users/0x1/Documents/htdocs/gopurs-foreign-object/output/gopurs_runtime/runtime.go:445 +0x60
gopurs/output/Effect.init.func1.2.1({0x0?, 0x0?})
	/Users/0x1/Documents/htdocs/gopurs-foreign-object/output/Effect/Effect_ffi.go:60 +0x64
gopurs/output/Effect.BindE(0x7222940b9201?, 0x7222940b92f8, {0x7222940b9318?, 0x100608634?})
	/Users/0x1/Documents/htdocs/gopurs-foreign-object/output/Effect/Effect_ffi.go:11 +0x50
gopurs/output/Effect.init.func1({0x10?, 0x1007838c0?, 0x722294709b00?}, {0x100b8ba80?, 0x7222940b93e8?, 0x1007a94d8?}, {0x1008c4108?, 0x20?, 0x722294726860?})
	/Users/0x1/Documents/htdocs/gopurs-foreign-object/output/Effect/Effect_ffi.go:64 +0x68
gopurs/output/gopurs_runtime.Apply2.func1({0x20?, 0x10078aac0?, 0x722294726860?})
	/Users/0x1/Documents/htdocs/gopurs-foreign-object/output/gopurs_runtime/runtime.go:487 +0x4c
gopurs/output/gopurs_runtime.Apply({0x7222940b9458, 0x0, 0x0}, {0x10079d800?, 0x7222947369d8?, 0x722294726860?})
	/Users/0x1/Documents/htdocs/gopurs-foreign-object/output/gopurs_runtime/runtime.go:445 +0x60
gopurs/output/Effect.init.func1.2.1({0x0?, 0x0?})
	/Users/0x1/Documents/htdocs/gopurs-foreign-object/output/Effect/Effect_ffi.go:60 +0x64
gopurs/output/Effect.BindE(0x0?, 0x7222940b94c8, {0x1007a94d0?, 0x1007a8ee0?})
	/Users/0x1/Documents/htdocs/gopurs-foreign-object/output/Effect/Effect_ffi.go:11 +0x50
gopurs/output/Effect.init.func1({0x10?, 0x1007838c0?, 0x72229445f8c0?}, {0x1?, 0x7222940b95b8?, 0x1007a94d0?}, {0x1008c4108?, 0x20?, 0x722294423730?})
	/Users/0x1/Documents/htdocs/gopurs-foreign-object/output/Effect/Effect_ffi.go:64 +0x68
gopurs/output/gopurs_runtime.Apply2.func1({0x20?, 0x10078aac0?, 0x722294423730?})
	/Users/0x1/Documents/htdocs/gopurs-foreign-object/output/gopurs_runtime/runtime.go:487 +0x4c
gopurs/output/gopurs_runtime.Apply({0x7222940b9628, 0x0, 0x0}, {0x10079d800?, 0x722294457320?, 0x722294423730?})
	/Users/0x1/Documents/htdocs/gopurs-foreign-object/output/gopurs_runtime/runtime.go:445 +0x60
gopurs/output/Effect.init.func1.2.1({0x0?, 0x0?})
	/Users/0x1/Documents/htdocs/gopurs-foreign-object/output/Effect/Effect_ffi.go:60 +0x64
gopurs/output/Effect.BindE(0x7222940b9601?, 0x7222940b9698, {0x7222940b96b8?, 0x100608084?})
	/Users/0x1/Documents/htdocs/gopurs-foreign-object/output/Effect/Effect_ffi.go:11 +0x50
gopurs/output/Effect.init.func1({0x10?, 0x1007838c0?, 0x722294421dd0?}, {0x100b791b8?, 0x7222940b9788?, 0x1007a94c0?}, {0x1008c4108?, 0x20?, 0x7222944236f0?})
	/Users/0x1/Documents/htdocs/gopurs-foreign-object/output/Effect/Effect_ffi.go:64 +0x68
gopurs/output/gopurs_runtime.Apply2.func1({0x20?, 0x10078aac0?, 0x7222944236f0?})
	/Users/0x1/Documents/htdocs/gopurs-foreign-object/output/gopurs_runtime/runtime.go:487 +0x4c
gopurs/output/gopurs_runtime.Apply({0x7222940b97f8, 0x0, 0x0}, {0x10079d800?, 0x722294457308?, 0x7222944236f0?})
	/Users/0x1/Documents/htdocs/gopurs-foreign-object/output/gopurs_runtime/runtime.go:445 +0x60
gopurs/output/Effect.init.func1.2.1({0x0?, 0x0?})
	/Users/0x1/Documents/htdocs/gopurs-foreign-object/output/Effect/Effect_ffi.go:60 +0x64
gopurs/output/Effect.BindE(0x100548bd0?, 0x7222940b9868, {0x100548be0?, 0x1?})
	/Users/0x1/Documents/htdocs/gopurs-foreign-object/output/Effect/Effect_ffi.go:11 +0x50
gopurs/output/Effect.init.func1({0x10?, 0x1007838c0?, 0x72229411d180?}, {0x1008d02e0?, 0x722294155958?, 0x1007a94b8?}, {0x1008c4108?, 0x20?, 0x722294099490?})
	/Users/0x1/Documents/htdocs/gopurs-foreign-object/output/Effect/Effect_ffi.go:64 +0x68
gopurs/output/gopurs_runtime.Apply2.func1({0x20?, 0x10078aac0?, 0x722294099490?})
	/Users/0x1/Documents/htdocs/gopurs-foreign-object/output/gopurs_runtime/runtime.go:487 +0x4c
gopurs/output/gopurs_runtime.Apply({0x7222941559c8, 0x0, 0x0}, {0x10079d800?, 0x722294094978?, 0x722294099490?})
	/Users/0x1/Documents/htdocs/gopurs-foreign-object/output/gopurs_runtime/runtime.go:445 +0x60
gopurs/output/Effect.init.func1.2.1({0x0?, 0x0?})
	/Users/0x1/Documents/htdocs/gopurs-foreign-object/output/Effect/Effect_ffi.go:60 +0x64
gopurs/output/Effect.BindE(0x722294155a28?, 0x722294155a38, {0x722294094948?, 0x722294128f30?})
	/Users/0x1/Documents/htdocs/gopurs-foreign-object/output/Effect/Effect_ffi.go:11 +0x50
gopurs/output/Effect.init.func1({0x10?, 0x1007838c0?, 0x722294128f30?}, {0x1007ee62c?, 0x722294155b28?, 0x1007a94a8?}, {0x1008c4108?, 0x20?, 0x722294099430?})
	/Users/0x1/Documents/htdocs/gopurs-foreign-object/output/Effect/Effect_ffi.go:64 +0x68
gopurs/output/gopurs_runtime.Apply2.func1({0x20?, 0x10078aac0?, 0x722294099430?})
	/Users/0x1/Documents/htdocs/gopurs-foreign-object/output/gopurs_runtime/runtime.go:487 +0x4c
gopurs/output/gopurs_runtime.Apply({0x722294155b98, 0x0, 0x0}, {0x10079d800?, 0x722294094960?, 0x722294099430?})
	/Users/0x1/Documents/htdocs/gopurs-foreign-object/output/gopurs_runtime/runtime.go:445 +0x60
gopurs/output/Effect.init.func1.2.1({0x0?, 0x0?})
	/Users/0x1/Documents/htdocs/gopurs-foreign-object/output/Effect/Effect_ffi.go:60 +0x64
gopurs/output/Effect.BindE(0x1008c4108?, 0x722294155c08, {0x722294155c28?, 0x10061c8b0?})
	/Users/0x1/Documents/htdocs/gopurs-foreign-object/output/Effect/Effect_ffi.go:11 +0x50
gopurs/output/Effect.init.func1({0x10?, 0x1007838c0?, 0x72229411c1c0?}, {0x1008d02e0?, 0x722294155cf8?, 0x1007a8960?}, {0x1008c4108?, 0x20?, 0x7222940983f0?})
	/Users/0x1/Documents/htdocs/gopurs-foreign-object/output/Effect/Effect_ffi.go:64 +0x68
gopurs/output/gopurs_runtime.Apply2.func1({0x20?, 0x10078aac0?, 0x7222940983f0?})
	/Users/0x1/Documents/htdocs/gopurs-foreign-object/output/gopurs_runtime/runtime.go:487 +0x4c
gopurs/output/gopurs_runtime.Apply({0x722294155d68, 0x0, 0x0}, {0x10079d800?, 0x722294094018?, 0x7222940983f0?})
	/Users/0x1/Documents/htdocs/gopurs-foreign-object/output/gopurs_runtime/runtime.go:445 +0x60
gopurs/output/Effect.init.func1.2.1({0x0?, 0x0?})
	/Users/0x1/Documents/htdocs/gopurs-foreign-object/output/Effect/Effect_ffi.go:60 +0x64
gopurs/output/Effect.BindE(0x0?, 0x722294122dd8, {0x0?, 0x7222941281b0?})
	/Users/0x1/Documents/htdocs/gopurs-foreign-object/output/Effect/Effect_ffi.go:11 +0x50
gopurs/output/Effect.init.func1({0x2?, 0x0?, 0x7222941281b0?}, {0x100548b98?, 0x1007a9360?, 0x1007a8958?}, {0x722294122ea8?, 0x10061c920?, 0x0?})
	/Users/0x1/Documents/htdocs/gopurs-foreign-object/output/Effect/Effect_ffi.go:64 +0x68
gopurs/output/gopurs_runtime.Apply2.func1({0x100548be0?, 0x1007edebc?, 0x0?})
	/Users/0x1/Documents/htdocs/gopurs-foreign-object/output/gopurs_runtime/runtime.go:487 +0x4c
gopurs/output/gopurs_runtime.Apply({0x10061df73, 0x5, 0x0}, {0x0?, 0x0?, 0x0?})
	/Users/0x1/Documents/htdocs/gopurs-foreign-object/output/gopurs_runtime/runtime.go:445 +0x60
main.main()
	/Users/0x1/Documents/htdocs/gopurs-foreign-object/output/Test.Main/main/main.go:18 +0xb0
